🔍 Running TypeScript validation before push...
[1;33m📁 Checking main project TypeScript compilation...[0m
[0;32m✅ Main project TypeScript compilation passed[0m
[1;33m🦕 Checking Deno TypeScript files...[0m
[0;31m❌ Deno TypeScript check failed![0m
[1;33m🔧 Running TypeScript linting...[0m

/Users/vrescobar/projects/turrero/.next/types/app/[category]/page.ts
   7:30   error  Prefer using the primitive `object` as a type name, rather than the upper-cased `Object`                                                                                                                                                                                                                                                                                                   @typescript-eslint/no-wrapper-object-types
   7:39   error  Unexpected any. Specify a different type                                                                                                                                                                                                                                                                                                                                                   @typescript-eslint/no-explicit-any
   7:71   error  Unexpected any. Specify a different type                                                                                                                                                                                                                                                                                                                                                   @typescript-eslint/no-explicit-any
  13:12   error  The `Function` type accepts any function-like value.
Prefer explicitly defining any function parameters and return type                                                                                                                                                                                                                                                                    @typescript-eslint/no-unsafe-function-type
  14:12   error  The `{}` ("empty object") type allows any non-nullish value, including literals like `0` and `""`.
- If that's what you want, disable this lint rule with an inline comment or configure the 'allowObjectTypes' rule option.
- If you want a type meaning "any object", you probably want `object` instead.
- If you want a type meaning "any value", you probably want `unknown` instead  @typescript-eslint/no-empty-object-type
  15:26   error  The `Function` type accepts any function-like value.
Prefer explicitly defining any function parameters and return type                                                                                                                                                                                                                                                                    @typescript-eslint/no-unsafe-function-type
  24:14   error  Unexpected any. Specify a different type                                                                                                                                                                                                                                                                                                                                                   @typescript-eslint/no-explicit-any
  25:22   error  The `Function` type accepts any function-like value.
Prefer explicitly defining any function parameters and return type                                                                                                                                                                                                                                                                    @typescript-eslint/no-unsafe-function-type
  26:14   error  Unexpected any. Specify a different type                                                                                                                                                                                                                                                                                                                                                   @typescript-eslint/no-explicit-any
  27:22   error  The `Function` type accepts any function-like value.
Prefer explicitly defining any function parameters and return type                                                                                                                                                                                                                                                                    @typescript-eslint/no-unsafe-function-type
  51:72   error  Unexpected any. Specify a different type                                                                                                                                                                                                                                                                                                                                                   @typescript-eslint/no-explicit-any
  51:88   error  Unexpected any. Specify a different type                                                                                                                                                                                                                                                                                                                                                   @typescript-eslint/no-explicit-any
  56:26   error  Unexpected any. Specify a different type                                                                                                                                                                                                                                                                                                                                                   @typescript-eslint/no-explicit-any
  66:51   error  Unexpected any. Specify a different type                                                                                                                                                                                                                                                                                                                                                   @typescript-eslint/no-explicit-any
  69:37   error  Unexpected any. Specify a different type                                                                                                                                                                                                                                                                                                                                                   @typescript-eslint/no-explicit-any
  69:42   error  '_M' is defined but never used                                                                                                                                                                                                                                                                                                                                                             @typescript-eslint/no-unused-vars
  70:84   error  The `{}` ("empty object") type allows any non-nullish value, including literals like `0` and `""`.
- If that's what you want, disable this lint rule with an inline comment or configure the 'allowObjectTypes' rule option.
- If you want a type meaning "any object", you probably want `object` instead.
- If you want a type meaning "any value", you probably want `unknown` instead  @typescript-eslint/no-empty-object-type
  72:15   error  'T' is defined but never used                                                                                                                                                                                                                                                                                                                                                              @typescript-eslint/no-unused-vars
  72:25   error  The `Function` type accepts any function-like value.
Prefer explicitly defining any function parameters and return type                                                                                                                                                                                                                                                                    @typescript-eslint/no-unsafe-function-type
  72:67   error  Unexpected any. Specify a different type                                                                                                                                                                                                                                                                                                                                                   @typescript-eslint/no-explicit-any
  72:76   error  Unexpected any. Specify a different type                                                                                                                                                                                                                                                                                                                                                   @typescript-eslint/no-explicit-any
  72:102  error  Unexpected any. Specify a different type                                                                                                                                                                                                                                                                                                                                                   @typescript-eslint/no-explicit-any
  73:16   error  'T' is defined but never used                                                                                                                                                                                                                                                                                                                                                              @typescript-eslint/no-unused-vars
  73:26   error  The `Function` type accepts any function-like value.
Prefer explicitly defining any function parameters and return type                                                                                                                                                                                                                                                                    @typescript-eslint/no-unsafe-function-type
  73:59   error  Unexpected any. Specify a different type                                                                                                                                                                                                                                                                                                                                                   @typescript-eslint/no-explicit-any
  73:77   error  Unexpected any. Specify a different type                                                                                                                                                                                                                                                                                                                                                   @typescript-eslint/no-explicit-any
  73:103  error  Unexpected any. Specify a different type                                                                                                                                                                                                                                                                                                                                                   @typescript-eslint/no-explicit-any
  74:84   error  The `Function` type accepts any function-like value.
Prefer explicitly defining any function parameters and return type                                                                                                                                                                                                                                                                    @typescript-eslint/no-unsafe-function-type
  78:22   error  '_' is defined but never used                                                                                                                                                                                                                                                                                                                                                              @typescript-eslint/no-unused-vars
  78:46   error  Unexpected any. Specify a different type                                                                                                                                                                                                                                                                                                                                                   @typescript-eslint/no-explicit-any

/Users/vrescobar/projects/turrero/.next/types/app/api/search/route.ts
    7:30   error  Prefer using the primitive `object` as a type name, rather than the upper-cased `Object`                                                                                                                                                                                                                                                                                                   @typescript-eslint/no-wrapper-object-types
    7:39   error  Unexpected any. Specify a different type                                                                                                                                                                                                                                                                                                                                                   @typescript-eslint/no-explicit-any
    7:71   error  Unexpected any. Specify a different type                                                                                                                                                                                                                                                                                                                                                   @typescript-eslint/no-explicit-any
   13:9    error  The `Function` type accepts any function-like value.
Prefer explicitly defining any function parameters and return type                                                                                                                                                                                                                                                                    @typescript-eslint/no-unsafe-function-type
   14:10   error  The `Function` type accepts any function-like value.
Prefer explicitly defining any function parameters and return type                                                                                                                                                                                                                                                                    @typescript-eslint/no-unsafe-function-type
   15:13   error  The `Function` type accepts any function-like value.
Prefer explicitly defining any function parameters and return type                                                                                                                                                                                                                                                                    @typescript-eslint/no-unsafe-function-type
   16:10   error  The `Function` type accepts any function-like value.
Prefer explicitly defining any function parameters and return type                                                                                                                                                                                                                                                                    @typescript-eslint/no-unsafe-function-type
   17:9    error  The `Function` type accepts any function-like value.
Prefer explicitly defining any function parameters and return type                                                                                                                                                                                                                                                                    @typescript-eslint/no-unsafe-function-type
   18:12   error  The `Function` type accepts any function-like value.
Prefer explicitly defining any function parameters and return type                                                                                                                                                                                                                                                                    @typescript-eslint/no-unsafe-function-type
   19:11   error  The `Function` type accepts any function-like value.
Prefer explicitly defining any function parameters and return type                                                                                                                                                                                                                                                                    @typescript-eslint/no-unsafe-function-type
   20:12   error  The `{}` ("empty object") type allows any non-nullish value, including literals like `0` and `""`.
- If that's what you want, disable this lint rule with an inline comment or configure the 'allowObjectTypes' rule option.
- If you want a type meaning "any object", you probably want `object` instead.
- If you want a type meaning "any value", you probably want `unknown` instead  @typescript-eslint/no-empty-object-type
   21:26   error  The `Function` type accepts any function-like value.
Prefer explicitly defining any function parameters and return type                                                                                                                                                                                                                                                                    @typescript-eslint/no-unsafe-function-type
  310:72   error  Unexpected any. Specify a different type                                                                                                                                                                                                                                                                                                                                                   @typescript-eslint/no-explicit-any
  310:88   error  Unexpected any. Specify a different type                                                                                                                                                                                                                                                                                                                                                   @typescript-eslint/no-explicit-any
  315:26   error  Unexpected any. Specify a different type                                                                                                                                                                                                                                                                                                                                                   @typescript-eslint/no-explicit-any
  325:51   error  Unexpected any. Specify a different type                                                                                                                                                                                                                                                                                                                                                   @typescript-eslint/no-explicit-any
  328:37   error  Unexpected any. Specify a different type                                                                                                                                                                                                                                                                                                                                                   @typescript-eslint/no-explicit-any
  328:42   error  '_M' is defined but never used                                                                                                                                                                                                                                                                                                                                                             @typescript-eslint/no-unused-vars
  329:84   error  The `{}` ("empty object") type allows any non-nullish value, including literals like `0` and `""`.
- If that's what you want, disable this lint rule with an inline comment or configure the 'allowObjectTypes' rule option.
- If you want a type meaning "any object", you probably want `object` instead.
- If you want a type meaning "any value", you probably want `unknown` instead  @typescript-eslint/no-empty-object-type
  331:15   error  'T' is defined but never used                                                                                                                                                                                                                                                                                                                                                              @typescript-eslint/no-unused-vars
  331:25   error  The `Function` type accepts any function-like value.
Prefer explicitly defining any function parameters and return type                                                                                                                                                                                                                                                                    @typescript-eslint/no-unsafe-function-type
  331:67   error  Unexpected any. Specify a different type                                                                                                                                                                                                                                                                                                                                                   @typescript-eslint/no-explicit-any
  331:76   error  Unexpected any. Specify a different type                                                                                                                                                                                                                                                                                                                                                   @typescript-eslint/no-explicit-any
  331:102  error  Unexpected any. Specify a different type                                                                                                                                                                                                                                                                                                                                                   @typescript-eslint/no-explicit-any
  332:16   error  'T' is defined but never used                                                                                                                                                                                                                                                                                                                                                              @typescript-eslint/no-unused-vars
  332:26   error  The `Function` type accepts any function-like value.
Prefer explicitly defining any function parameters and return type                                                                                                                                                                                                                                                                    @typescript-eslint/no-unsafe-function-type
  332:59   error  Unexpected any. Specify a different type                                                                                                                                                                                                                                                                                                                                                   @typescript-eslint/no-explicit-any
  332:77   error  Unexpected any. Specify a different type                                                                                                                                                                                                                                                                                                                                                   @typescript-eslint/no-explicit-any
  332:103  error  Unexpected any. Specify a different type                                                                                                                                                                                                                                                                                                                                                   @typescript-eslint/no-explicit-any
  333:84   error  The `Function` type accepts any function-like value.
Prefer explicitly defining any function parameters and return type                                                                                                                                                                                                                                                                    @typescript-eslint/no-unsafe-function-type
  341:22   error  '_' is defined but never used                                                                                                                                                                                                                                                                                                                                                              @typescript-eslint/no-unused-vars
  341:46   error  Unexpected any. Specify a different type                                                                                                                                                                                                                                                                                                                                                   @typescript-eslint/no-explicit-any

/Users/vrescobar/projects/turrero/.next/types/app/biblioteca/page.ts
   7:30   error  Prefer using the primitive `object` as a type name, rather than the upper-cased `Object`                                                                                                                                                                                                                                                                                                   @typescript-eslint/no-wrapper-object-types
   7:39   error  Unexpected any. Specify a different type                                                                                                                                                                                                                                                                                                                                                   @typescript-eslint/no-explicit-any
   7:71   error  Unexpected any. Specify a different type                                                                                                                                                                                                                                                                                                                                                   @typescript-eslint/no-explicit-any
  13:12   error  The `Function` type accepts any function-like value.
Prefer explicitly defining any function parameters and return type                                                                                                                                                                                                                                                                    @typescript-eslint/no-unsafe-function-type
  14:12   error  The `{}` ("empty object") type allows any non-nullish value, including literals like `0` and `""`.
- If that's what you want, disable this lint rule with an inline comment or configure the 'allowObjectTypes' rule option.
- If you want a type meaning "any object", you probably want `object` instead.
- If you want a type meaning "any value", you probably want `unknown` instead  @typescript-eslint/no-empty-object-type
  15:26   error  The `Function` type accepts any function-like value.
Prefer explicitly defining any function parameters and return type                                                                                                                                                                                                                                                                    @typescript-eslint/no-unsafe-function-type
  24:14   error  Unexpected any. Specify a different type                                                                                                                                                                                                                                                                                                                                                   @typescript-eslint/no-explicit-any
  25:22   error  The `Function` type accepts any function-like value.
Prefer explicitly defining any function parameters and return type                                                                                                                                                                                                                                                                    @typescript-eslint/no-unsafe-function-type
  26:14   error  Unexpected any. Specify a different type                                                                                                                                                                                                                                                                                                                                                   @typescript-eslint/no-explicit-any
  27:22   error  The `Function` type accepts any function-like value.
Prefer explicitly defining any function parameters and return type                                                                                                                                                                                                                                                                    @typescript-eslint/no-unsafe-function-type
  51:72   error  Unexpected any. Specify a different type                                                                                                                                                                                                                                                                                                                                                   @typescript-eslint/no-explicit-any
  51:88   error  Unexpected any. Specify a different type                                                                                                                                                                                                                                                                                                                                                   @typescript-eslint/no-explicit-any
  56:26   error  Unexpected any. Specify a different type                                                                                                                                                                                                                                                                                                                                                   @typescript-eslint/no-explicit-any
  66:51   error  Unexpected any. Specify a different type                                                                                                                                                                                                                                                                                                                                                   @typescript-eslint/no-explicit-any
  69:37   error  Unexpected any. Specify a different type                                                                                                                                                                                                                                                                                                                                                   @typescript-eslint/no-explicit-any
  69:42   error  '_M' is defined but never used                                                                                                                                                                                                                                                                                                                                                             @typescript-eslint/no-unused-vars
  70:84   error  The `{}` ("empty object") type allows any non-nullish value, including literals like `0` and `""`.
- If that's what you want, disable this lint rule with an inline comment or configure the 'allowObjectTypes' rule option.
- If you want a type meaning "any object", you probably want `object` instead.
- If you want a type meaning "any value", you probably want `unknown` instead  @typescript-eslint/no-empty-object-type
  72:15   error  'T' is defined but never used                                                                                                                                                                                                                                                                                                                                                              @typescript-eslint/no-unused-vars
  72:25   error  The `Function` type accepts any function-like value.
Prefer explicitly defining any function parameters and return type                                                                                                                                                                                                                                                                    @typescript-eslint/no-unsafe-function-type
  72:67   error  Unexpected any. Specify a different type                                                                                                                                                                                                                                                                                                                                                   @typescript-eslint/no-explicit-any
  72:76   error  Unexpected any. Specify a different type                                                                                                                                                                                                                                                                                                                                                   @typescript-eslint/no-explicit-any
  72:102  error  Unexpected any. Specify a different type                                                                                                                                                                                                                                                                                                                                                   @typescript-eslint/no-explicit-any
  73:16   error  'T' is defined but never used                                                                                                                                                                                                                                                                                                                                                              @typescript-eslint/no-unused-vars
  73:26   error  The `Function` type accepts any function-like value.
Prefer explicitly defining any function parameters and return type                                                                                                                                                                                                                                                                    @typescript-eslint/no-unsafe-function-type
  73:59   error  Unexpected any. Specify a different type                                                                                                                                                                                                                                                                                                                                                   @typescript-eslint/no-explicit-any
  73:77   error  Unexpected any. Specify a different type                                                                                                                                                                                                                                                                                                                                                   @typescript-eslint/no-explicit-any
  73:103  error  Unexpected any. Specify a different type                                                                                                                                                                                                                                                                                                                                                   @typescript-eslint/no-explicit-any
  74:84   error  The `Function` type accepts any function-like value.
Prefer explicitly defining any function parameters and return type                                                                                                                                                                                                                                                                    @typescript-eslint/no-unsafe-function-type
  78:22   error  '_' is defined but never used                                                                                                                                                                                                                                                                                                                                                              @typescript-eslint/no-unused-vars
  78:46   error  Unexpected any. Specify a different type                                                                                                                                                                                                                                                                                                                                                   @typescript-eslint/no-explicit-any

/Users/vrescobar/projects/turrero/.next/types/app/contacto/page.ts
   7:30   error  Prefer using the primitive `object` as a type name, rather than the upper-cased `Object`                                                                                                                                                                                                                                                                                                   @typescript-eslint/no-wrapper-object-types
   7:39   error  Unexpected any. Specify a different type                                                                                                                                                                                                                                                                                                                                                   @typescript-eslint/no-explicit-any
   7:71   error  Unexpected any. Specify a different type                                                                                                                                                                                                                                                                                                                                                   @typescript-eslint/no-explicit-any
  13:12   error  The `Function` type accepts any function-like value.
Prefer explicitly defining any function parameters and return type                                                                                                                                                                                                                                                                    @typescript-eslint/no-unsafe-function-type
  14:12   error  The `{}` ("empty object") type allows any non-nullish value, including literals like `0` and `""`.
- If that's what you want, disable this lint rule with an inline comment or configure the 'allowObjectTypes' rule option.
- If you want a type meaning "any object", you probably want `object` instead.
- If you want a type meaning "any value", you probably want `unknown` instead  @typescript-eslint/no-empty-object-type
  15:26   error  The `Function` type accepts any function-like value.
Prefer explicitly defining any function parameters and return type                                                                                                                                                                                                                                                                    @typescript-eslint/no-unsafe-function-type
  24:14   error  Unexpected any. Specify a different type                                                                                                                                                                                                                                                                                                                                                   @typescript-eslint/no-explicit-any
  25:22   error  The `Function` type accepts any function-like value.
Prefer explicitly defining any function parameters and return type                                                                                                                                                                                                                                                                    @typescript-eslint/no-unsafe-function-type
  26:14   error  Unexpected any. Specify a different type                                                                                                                                                                                                                                                                                                                                                   @typescript-eslint/no-explicit-any
  27:22   error  The `Function` type accepts any function-like value.
Prefer explicitly defining any function parameters and return type                                                                                                                                                                                                                                                                    @typescript-eslint/no-unsafe-function-type
  51:72   error  Unexpected any. Specify a different type                                                                                                                                                                                                                                                                                                                                                   @typescript-eslint/no-explicit-any
  51:88   error  Unexpected any. Specify a different type                                                                                                                                                                                                                                                                                                                                                   @typescript-eslint/no-explicit-any
  56:26   error  Unexpected any. Specify a different type                                                                                                                                                                                                                                                                                                                                                   @typescript-eslint/no-explicit-any
  66:51   error  Unexpected any. Specify a different type                                                                                                                                                                                                                                                                                                                                                   @typescript-eslint/no-explicit-any
  69:37   error  Unexpected any. Specify a different type                                                                                                                                                                                                                                                                                                                                                   @typescript-eslint/no-explicit-any
  69:42   error  '_M' is defined but never used                                                                                                                                                                                                                                                                                                                                                             @typescript-eslint/no-unused-vars
  70:84   error  The `{}` ("empty object") type allows any non-nullish value, including literals like `0` and `""`.
- If that's what you want, disable this lint rule with an inline comment or configure the 'allowObjectTypes' rule option.
- If you want a type meaning "any object", you probably want `object` instead.
- If you want a type meaning "any value", you probably want `unknown` instead  @typescript-eslint/no-empty-object-type
  72:15   error  'T' is defined but never used                                                                                                                                                                                                                                                                                                                                                              @typescript-eslint/no-unused-vars
  72:25   error  The `Function` type accepts any function-like value.
Prefer explicitly defining any function parameters and return type                                                                                                                                                                                                                                                                    @typescript-eslint/no-unsafe-function-type
  72:67   error  Unexpected any. Specify a different type                                                                                                                                                                                                                                                                                                                                                   @typescript-eslint/no-explicit-any
  72:76   error  Unexpected any. Specify a different type                                                                                                                                                                                                                                                                                                                                                   @typescript-eslint/no-explicit-any
  72:102  error  Unexpected any. Specify a different type                                                                                                                                                                                                                                                                                                                                                   @typescript-eslint/no-explicit-any
  73:16   error  'T' is defined but never used                                                                                                                                                                                                                                                                                                                                                              @typescript-eslint/no-unused-vars
  73:26   error  The `Function` type accepts any function-like value.
Prefer explicitly defining any function parameters and return type                                                                                                                                                                                                                                                                    @typescript-eslint/no-unsafe-function-type
  73:59   error  Unexpected any. Specify a different type                                                                                                                                                                                                                                                                                                                                                   @typescript-eslint/no-explicit-any
  73:77   error  Unexpected any. Specify a different type                                                                                                                                                                                                                                                                                                                                                   @typescript-eslint/no-explicit-any
  73:103  error  Unexpected any. Specify a different type                                                                                                                                                                                                                                                                                                                                                   @typescript-eslint/no-explicit-any
  74:84   error  The `Function` type accepts any function-like value.
Prefer explicitly defining any function parameters and return type                                                                                                                                                                                                                                                                    @typescript-eslint/no-unsafe-function-type
  78:22   error  '_' is defined but never used                                                                                                                                                                                                                                                                                                                                                              @typescript-eslint/no-unused-vars
  78:46   error  Unexpected any. Specify a different type                                                                                                                                                                                                                                                                                                                                                   @typescript-eslint/no-explicit-any

/Users/vrescobar/projects/turrero/.next/types/app/glosario/page.ts
   7:30   error  Prefer using the primitive `object` as a type name, rather than the upper-cased `Object`                                                                                                                                                                                                                                                                                                   @typescript-eslint/no-wrapper-object-types
   7:39   error  Unexpected any. Specify a different type                                                                                                                                                                                                                                                                                                                                                   @typescript-eslint/no-explicit-any
   7:71   error  Unexpected any. Specify a different type                                                                                                                                                                                                                                                                                                                                                   @typescript-eslint/no-explicit-any
  13:12   error  The `Function` type accepts any function-like value.
Prefer explicitly defining any function parameters and return type                                                                                                                                                                                                                                                                    @typescript-eslint/no-unsafe-function-type
  14:12   error  The `{}` ("empty object") type allows any non-nullish value, including literals like `0` and `""`.
- If that's what you want, disable this lint rule with an inline comment or configure the 'allowObjectTypes' rule option.
- If you want a type meaning "any object", you probably want `object` instead.
- If you want a type meaning "any value", you probably want `unknown` instead  @typescript-eslint/no-empty-object-type
  15:26   error  The `Function` type accepts any function-like value.
Prefer explicitly defining any function parameters and return type                                                                                                                                                                                                                                                                    @typescript-eslint/no-unsafe-function-type
  24:14   error  Unexpected any. Specify a different type                                                                                                                                                                                                                                                                                                                                                   @typescript-eslint/no-explicit-any
  25:22   error  The `Function` type accepts any function-like value.
Prefer explicitly defining any function parameters and return type                                                                                                                                                                                                                                                                    @typescript-eslint/no-unsafe-function-type
  26:14   error  Unexpected any. Specify a different type                                                                                                                                                                                                                                                                                                                                                   @typescript-eslint/no-explicit-any
  27:22   error  The `Function` type accepts any function-like value.
Prefer explicitly defining any function parameters and return type                                                                                                                                                                                                                                                                    @typescript-eslint/no-unsafe-function-type
  51:72   error  Unexpected any. Specify a different type                                                                                                                                                                                                                                                                                                                                                   @typescript-eslint/no-explicit-any
  51:88   error  Unexpected any. Specify a different type                                                                                                                                                                                                                                                                                                                                                   @typescript-eslint/no-explicit-any
  56:26   error  Unexpected any. Specify a different type                                                                                                                                                                                                                                                                                                                                                   @typescript-eslint/no-explicit-any
  66:51   error  Unexpected any. Specify a different type                                                                                                                                                                                                                                                                                                                                                   @typescript-eslint/no-explicit-any
  69:37   error  Unexpected any. Specify a different type                                                                                                                                                                                                                                                                                                                                                   @typescript-eslint/no-explicit-any
  69:42   error  '_M' is defined but never used                                                                                                                                                                                                                                                                                                                                                             @typescript-eslint/no-unused-vars
  70:84   error  The `{}` ("empty object") type allows any non-nullish value, including literals like `0` and `""`.
- If that's what you want, disable this lint rule with an inline comment or configure the 'allowObjectTypes' rule option.
- If you want a type meaning "any object", you probably want `object` instead.
- If you want a type meaning "any value", you probably want `unknown` instead  @typescript-eslint/no-empty-object-type
  72:15   error  'T' is defined but never used                                                                                                                                                                                                                                                                                                                                                              @typescript-eslint/no-unused-vars
  72:25   error  The `Function` type accepts any function-like value.
Prefer explicitly defining any function parameters and return type                                                                                                                                                                                                                                                                    @typescript-eslint/no-unsafe-function-type
  72:67   error  Unexpected any. Specify a different type                                                                                                                                                                                                                                                                                                                                                   @typescript-eslint/no-explicit-any
  72:76   error  Unexpected any. Specify a different type                                                                                                                                                                                                                                                                                                                                                   @typescript-eslint/no-explicit-any
  72:102  error  Unexpected any. Specify a different type                                                                                                                                                                                                                                                                                                                                                   @typescript-eslint/no-explicit-any
  73:16   error  'T' is defined but never used                                                                                                                                                                                                                                                                                                                                                              @typescript-eslint/no-unused-vars
  73:26   error  The `Function` type accepts any function-like value.
Prefer explicitly defining any function parameters and return type                                                                                                                                                                                                                                                                    @typescript-eslint/no-unsafe-function-type
  73:59   error  Unexpected any. Specify a different type                                                                                                                                                                                                                                                                                                                                                   @typescript-eslint/no-explicit-any
  73:77   error  Unexpected any. Specify a different type                                                                                                                                                                                                                                                                                                                                                   @typescript-eslint/no-explicit-any
  73:103  error  Unexpected any. Specify a different type                                                                                                                                                                                                                                                                                                                                                   @typescript-eslint/no-explicit-any
  74:84   error  The `Function` type accepts any function-like value.
Prefer explicitly defining any function parameters and return type                                                                                                                                                                                                                                                                    @typescript-eslint/no-unsafe-function-type
  78:22   error  '_' is defined but never used                                                                                                                                                                                                                                                                                                                                                              @typescript-eslint/no-unused-vars
  78:46   error  Unexpected any. Specify a different type                                                                                                                                                                                                                                                                                                                                                   @typescript-eslint/no-explicit-any

/Users/vrescobar/projects/turrero/.next/types/app/grafo-de-turras/page.ts
   7:30   error  Prefer using the primitive `object` as a type name, rather than the upper-cased `Object`                                                                                                                                                                                                                                                                                                   @typescript-eslint/no-wrapper-object-types
   7:39   error  Unexpected any. Specify a different type                                                                                                                                                                                                                                                                                                                                                   @typescript-eslint/no-explicit-any
   7:71   error  Unexpected any. Specify a different type                                                                                                                                                                                                                                                                                                                                                   @typescript-eslint/no-explicit-any
  13:12   error  The `Function` type accepts any function-like value.
Prefer explicitly defining any function parameters and return type                                                                                                                                                                                                                                                                    @typescript-eslint/no-unsafe-function-type
  14:12   error  The `{}` ("empty object") type allows any non-nullish value, including literals like `0` and `""`.
- If that's what you want, disable this lint rule with an inline comment or configure the 'allowObjectTypes' rule option.
- If you want a type meaning "any object", you probably want `object` instead.
- If you want a type meaning "any value", you probably want `unknown` instead  @typescript-eslint/no-empty-object-type
  15:26   error  The `Function` type accepts any function-like value.
Prefer explicitly defining any function parameters and return type                                                                                                                                                                                                                                                                    @typescript-eslint/no-unsafe-function-type
  24:14   error  Unexpected any. Specify a different type                                                                                                                                                                                                                                                                                                                                                   @typescript-eslint/no-explicit-any
  25:22   error  The `Function` type accepts any function-like value.
Prefer explicitly defining any function parameters and return type                                                                                                                                                                                                                                                                    @typescript-eslint/no-unsafe-function-type
  26:14   error  Unexpected any. Specify a different type                                                                                                                                                                                                                                                                                                                                                   @typescript-eslint/no-explicit-any
  27:22   error  The `Function` type accepts any function-like value.
Prefer explicitly defining any function parameters and return type                                                                                                                                                                                                                                                                    @typescript-eslint/no-unsafe-function-type
  51:72   error  Unexpected any. Specify a different type                                                                                                                                                                                                                                                                                                                                                   @typescript-eslint/no-explicit-any
  51:88   error  Unexpected any. Specify a different type                                                                                                                                                                                                                                                                                                                                                   @typescript-eslint/no-explicit-any
  56:26   error  Unexpected any. Specify a different type                                                                                                                                                                                                                                                                                                                                                   @typescript-eslint/no-explicit-any
  66:51   error  Unexpected any. Specify a different type                                                                                                                                                                                                                                                                                                                                                   @typescript-eslint/no-explicit-any
  69:37   error  Unexpected any. Specify a different type                                                                                                                                                                                                                                                                                                                                                   @typescript-eslint/no-explicit-any
  69:42   error  '_M' is defined but never used                                                                                                                                                                                                                                                                                                                                                             @typescript-eslint/no-unused-vars
  70:84   error  The `{}` ("empty object") type allows any non-nullish value, including literals like `0` and `""`.
- If that's what you want, disable this lint rule with an inline comment or configure the 'allowObjectTypes' rule option.
- If you want a type meaning "any object", you probably want `object` instead.
- If you want a type meaning "any value", you probably want `unknown` instead  @typescript-eslint/no-empty-object-type
  72:15   error  'T' is defined but never used                                                                                                                                                                                                                                                                                                                                                              @typescript-eslint/no-unused-vars
  72:25   error  The `Function` type accepts any function-like value.
Prefer explicitly defining any function parameters and return type                                                                                                                                                                                                                                                                    @typescript-eslint/no-unsafe-function-type
  72:67   error  Unexpected any. Specify a different type                                                                                                                                                                                                                                                                                                                                                   @typescript-eslint/no-explicit-any
  72:76   error  Unexpected any. Specify a different type                                                                                                                                                                                                                                                                                                                                                   @typescript-eslint/no-explicit-any
  72:102  error  Unexpected any. Specify a different type                                                                                                                                                                                                                                                                                                                                                   @typescript-eslint/no-explicit-any
  73:16   error  'T' is defined but never used                                                                                                                                                                                                                                                                                                                                                              @typescript-eslint/no-unused-vars
  73:26   error  The `Function` type accepts any function-like value.
Prefer explicitly defining any function parameters and return type                                                                                                                                                                                                                                                                    @typescript-eslint/no-unsafe-function-type
  73:59   error  Unexpected any. Specify a different type                                                                                                                                                                                                                                                                                                                                                   @typescript-eslint/no-explicit-any
  73:77   error  Unexpected any. Specify a different type                                                                                                                                                                                                                                                                                                                                                   @typescript-eslint/no-explicit-any
  73:103  error  Unexpected any. Specify a different type                                                                                                                                                                                                                                                                                                                                                   @typescript-eslint/no-explicit-any
  74:84   error  The `Function` type accepts any function-like value.
Prefer explicitly defining any function parameters and return type                                                                                                                                                                                                                                                                    @typescript-eslint/no-unsafe-function-type
  78:22   error  '_' is defined but never used                                                                                                                                                                                                                                                                                                                                                              @typescript-eslint/no-unused-vars
  78:46   error  Unexpected any. Specify a different type                                                                                                                                                                                                                                                                                                                                                   @typescript-eslint/no-explicit-any

/Users/vrescobar/projects/turrero/.next/types/app/hall-of-fame/page.ts
   7:30   error  Prefer using the primitive `object` as a type name, rather than the upper-cased `Object`                                                                                                                                                                                                                                                                                                   @typescript-eslint/no-wrapper-object-types
   7:39   error  Unexpected any. Specify a different type                                                                                                                                                                                                                                                                                                                                                   @typescript-eslint/no-explicit-any
   7:71   error  Unexpected any. Specify a different type                                                                                                                                                                                                                                                                                                                                                   @typescript-eslint/no-explicit-any
  13:12   error  The `Function` type accepts any function-like value.
Prefer explicitly defining any function parameters and return type                                                                                                                                                                                                                                                                    @typescript-eslint/no-unsafe-function-type
  14:12   error  The `{}` ("empty object") type allows any non-nullish value, including literals like `0` and `""`.
- If that's what you want, disable this lint rule with an inline comment or configure the 'allowObjectTypes' rule option.
- If you want a type meaning "any object", you probably want `object` instead.
- If you want a type meaning "any value", you probably want `unknown` instead  @typescript-eslint/no-empty-object-type
  15:26   error  The `Function` type accepts any function-like value.
Prefer explicitly defining any function parameters and return type                                                                                                                                                                                                                                                                    @typescript-eslint/no-unsafe-function-type
  24:14   error  Unexpected any. Specify a different type                                                                                                                                                                                                                                                                                                                                                   @typescript-eslint/no-explicit-any
  25:22   error  The `Function` type accepts any function-like value.
Prefer explicitly defining any function parameters and return type                                                                                                                                                                                                                                                                    @typescript-eslint/no-unsafe-function-type
  26:14   error  Unexpected any. Specify a different type                                                                                                                                                                                                                                                                                                                                                   @typescript-eslint/no-explicit-any
  27:22   error  The `Function` type accepts any function-like value.
Prefer explicitly defining any function parameters and return type                                                                                                                                                                                                                                                                    @typescript-eslint/no-unsafe-function-type
  51:72   error  Unexpected any. Specify a different type                                                                                                                                                                                                                                                                                                                                                   @typescript-eslint/no-explicit-any
  51:88   error  Unexpected any. Specify a different type                                                                                                                                                                                                                                                                                                                                                   @typescript-eslint/no-explicit-any
  56:26   error  Unexpected any. Specify a different type                                                                                                                                                                                                                                                                                                                                                   @typescript-eslint/no-explicit-any
  66:51   error  Unexpected any. Specify a different type                                                                                                                                                                                                                                                                                                                                                   @typescript-eslint/no-explicit-any
  69:37   error  Unexpected any. Specify a different type                                                                                                                                                                                                                                                                                                                                                   @typescript-eslint/no-explicit-any
  69:42   error  '_M' is defined but never used                                                                                                                                                                                                                                                                                                                                                             @typescript-eslint/no-unused-vars
  70:84   error  The `{}` ("empty object") type allows any non-nullish value, including literals like `0` and `""`.
- If that's what you want, disable this lint rule with an inline comment or configure the 'allowObjectTypes' rule option.
- If you want a type meaning "any object", you probably want `object` instead.
- If you want a type meaning "any value", you probably want `unknown` instead  @typescript-eslint/no-empty-object-type
  72:15   error  'T' is defined but never used                                                                                                                                                                                                                                                                                                                                                              @typescript-eslint/no-unused-vars
  72:25   error  The `Function` type accepts any function-like value.
Prefer explicitly defining any function parameters and return type                                                                                                                                                                                                                                                                    @typescript-eslint/no-unsafe-function-type
  72:67   error  Unexpected any. Specify a different type                                                                                                                                                                                                                                                                                                                                                   @typescript-eslint/no-explicit-any
  72:76   error  Unexpected any. Specify a different type                                                                                                                                                                                                                                                                                                                                                   @typescript-eslint/no-explicit-any
  72:102  error  Unexpected any. Specify a different type                                                                                                                                                                                                                                                                                                                                                   @typescript-eslint/no-explicit-any
  73:16   error  'T' is defined but never used                                                                                                                                                                                                                                                                                                                                                              @typescript-eslint/no-unused-vars
  73:26   error  The `Function` type accepts any function-like value.
Prefer explicitly defining any function parameters and return type                                                                                                                                                                                                                                                                    @typescript-eslint/no-unsafe-function-type
  73:59   error  Unexpected any. Specify a different type                                                                                                                                                                                                                                                                                                                                                   @typescript-eslint/no-explicit-any
  73:77   error  Unexpected any. Specify a different type                                                                                                                                                                                                                                                                                                                                                   @typescript-eslint/no-explicit-any
  73:103  error  Unexpected any. Specify a different type                                                                                                                                                                                                                                                                                                                                                   @typescript-eslint/no-explicit-any
  74:84   error  The `Function` type accepts any function-like value.
Prefer explicitly defining any function parameters and return type                                                                                                                                                                                                                                                                    @typescript-eslint/no-unsafe-function-type
  78:22   error  '_' is defined but never used                                                                                                                                                                                                                                                                                                                                                              @typescript-eslint/no-unused-vars
  78:46   error  Unexpected any. Specify a different type                                                                                                                                                                                                                                                                                                                                                   @typescript-eslint/no-explicit-any

/Users/vrescobar/projects/turrero/.next/types/app/page.ts
   7:30   error  Prefer using the primitive `object` as a type name, rather than the upper-cased `Object`                                                                                                                                                                                                                                                                                                   @typescript-eslint/no-wrapper-object-types
   7:39   error  Unexpected any. Specify a different type                                                                                                                                                                                                                                                                                                                                                   @typescript-eslint/no-explicit-any
   7:71   error  Unexpected any. Specify a different type                                                                                                                                                                                                                                                                                                                                                   @typescript-eslint/no-explicit-any
  13:12   error  The `Function` type accepts any function-like value.
Prefer explicitly defining any function parameters and return type                                                                                                                                                                                                                                                                    @typescript-eslint/no-unsafe-function-type
  14:12   error  The `{}` ("empty object") type allows any non-nullish value, including literals like `0` and `""`.
- If that's what you want, disable this lint rule with an inline comment or configure the 'allowObjectTypes' rule option.
- If you want a type meaning "any object", you probably want `object` instead.
- If you want a type meaning "any value", you probably want `unknown` instead  @typescript-eslint/no-empty-object-type
  15:26   error  The `Function` type accepts any function-like value.
Prefer explicitly defining any function parameters and return type                                                                                                                                                                                                                                                                    @typescript-eslint/no-unsafe-function-type
  24:14   error  Unexpected any. Specify a different type                                                                                                                                                                                                                                                                                                                                                   @typescript-eslint/no-explicit-any
  25:22   error  The `Function` type accepts any function-like value.
Prefer explicitly defining any function parameters and return type                                                                                                                                                                                                                                                                    @typescript-eslint/no-unsafe-function-type
  26:14   error  Unexpected any. Specify a different type                                                                                                                                                                                                                                                                                                                                                   @typescript-eslint/no-explicit-any
  27:22   error  The `Function` type accepts any function-like value.
Prefer explicitly defining any function parameters and return type                                                                                                                                                                                                                                                                    @typescript-eslint/no-unsafe-function-type
  51:72   error  Unexpected any. Specify a different type                                                                                                                                                                                                                                                                                                                                                   @typescript-eslint/no-explicit-any
  51:88   error  Unexpected any. Specify a different type                                                                                                                                                                                                                                                                                                                                                   @typescript-eslint/no-explicit-any
  56:26   error  Unexpected any. Specify a different type                                                                                                                                                                                                                                                                                                                                                   @typescript-eslint/no-explicit-any
  66:51   error  Unexpected any. Specify a different type                                                                                                                                                                                                                                                                                                                                                   @typescript-eslint/no-explicit-any
  69:37   error  Unexpected any. Specify a different type                                                                                                                                                                                                                                                                                                                                                   @typescript-eslint/no-explicit-any
  69:42   error  '_M' is defined but never used                                                                                                                                                                                                                                                                                                                                                             @typescript-eslint/no-unused-vars
  70:84   error  The `{}` ("empty object") type allows any non-nullish value, including literals like `0` and `""`.
- If that's what you want, disable this lint rule with an inline comment or configure the 'allowObjectTypes' rule option.
- If you want a type meaning "any object", you probably want `object` instead.
- If you want a type meaning "any value", you probably want `unknown` instead  @typescript-eslint/no-empty-object-type
  72:15   error  'T' is defined but never used                                                                                                                                                                                                                                                                                                                                                              @typescript-eslint/no-unused-vars
  72:25   error  The `Function` type accepts any function-like value.
Prefer explicitly defining any function parameters and return type                                                                                                                                                                                                                                                                    @typescript-eslint/no-unsafe-function-type
  72:67   error  Unexpected any. Specify a different type                                                                                                                                                                                                                                                                                                                                                   @typescript-eslint/no-explicit-any
  72:76   error  Unexpected any. Specify a different type                                                                                                                                                                                                                                                                                                                                                   @typescript-eslint/no-explicit-any
  72:102  error  Unexpected any. Specify a different type                                                                                                                                                                                                                                                                                                                                                   @typescript-eslint/no-explicit-any
  73:16   error  'T' is defined but never used                                                                                                                                                                                                                                                                                                                                                              @typescript-eslint/no-unused-vars
  73:26   error  The `Function` type accepts any function-like value.
Prefer explicitly defining any function parameters and return type                                                                                                                                                                                                                                                                    @typescript-eslint/no-unsafe-function-type
  73:59   error  Unexpected any. Specify a different type                                                                                                                                                                                                                                                                                                                                                   @typescript-eslint/no-explicit-any
  73:77   error  Unexpected any. Specify a different type                                                                                                                                                                                                                                                                                                                                                   @typescript-eslint/no-explicit-any
  73:103  error  Unexpected any. Specify a different type                                                                                                                                                                                                                                                                                                                                                   @typescript-eslint/no-explicit-any
  74:84   error  The `Function` type accepts any function-like value.
Prefer explicitly defining any function parameters and return type                                                                                                                                                                                                                                                                    @typescript-eslint/no-unsafe-function-type
  78:22   error  '_' is defined but never used                                                                                                                                                                                                                                                                                                                                                              @typescript-eslint/no-unused-vars
  78:46   error  Unexpected any. Specify a different type                                                                                                                                                                                                                                                                                                                                                   @typescript-eslint/no-explicit-any

/Users/vrescobar/projects/turrero/.next/types/app/sobre-esta-web/page.ts
   7:30   error  Prefer using the primitive `object` as a type name, rather than the upper-cased `Object`                                                                                                                                                                                                                                                                                                   @typescript-eslint/no-wrapper-object-types
   7:39   error  Unexpected any. Specify a different type                                                                                                                                                                                                                                                                                                                                                   @typescript-eslint/no-explicit-any
   7:71   error  Unexpected any. Specify a different type                                                                                                                                                                                                                                                                                                                                                   @typescript-eslint/no-explicit-any
  13:12   error  The `Function` type accepts any function-like value.
Prefer explicitly defining any function parameters and return type                                                                                                                                                                                                                                                                    @typescript-eslint/no-unsafe-function-type
  14:12   error  The `{}` ("empty object") type allows any non-nullish value, including literals like `0` and `""`.
- If that's what you want, disable this lint rule with an inline comment or configure the 'allowObjectTypes' rule option.
- If you want a type meaning "any object", you probably want `object` instead.
- If you want a type meaning "any value", you probably want `unknown` instead  @typescript-eslint/no-empty-object-type
  15:26   error  The `Function` type accepts any function-like value.
Prefer explicitly defining any function parameters and return type                                                                                                                                                                                                                                                                    @typescript-eslint/no-unsafe-function-type
  24:14   error  Unexpected any. Specify a different type                                                                                                                                                                                                                                                                                                                                                   @typescript-eslint/no-explicit-any
  25:22   error  The `Function` type accepts any function-like value.
Prefer explicitly defining any function parameters and return type                                                                                                                                                                                                                                                                    @typescript-eslint/no-unsafe-function-type
  26:14   error  Unexpected any. Specify a different type                                                                                                                                                                                                                                                                                                                                                   @typescript-eslint/no-explicit-any
  27:22   error  The `Function` type accepts any function-like value.
Prefer explicitly defining any function parameters and return type                                                                                                                                                                                                                                                                    @typescript-eslint/no-unsafe-function-type
  51:72   error  Unexpected any. Specify a different type                                                                                                                                                                                                                                                                                                                                                   @typescript-eslint/no-explicit-any
  51:88   error  Unexpected any. Specify a different type                                                                                                                                                                                                                                                                                                                                                   @typescript-eslint/no-explicit-any
  56:26   error  Unexpected any. Specify a different type                                                                                                                                                                                                                                                                                                                                                   @typescript-eslint/no-explicit-any
  66:51   error  Unexpected any. Specify a different type                                                                                                                                                                                                                                                                                                                                                   @typescript-eslint/no-explicit-any
  69:37   error  Unexpected any. Specify a different type                                                                                                                                                                                                                                                                                                                                                   @typescript-eslint/no-explicit-any
  69:42   error  '_M' is defined but never used                                                                                                                                                                                                                                                                                                                                                             @typescript-eslint/no-unused-vars
  70:84   error  The `{}` ("empty object") type allows any non-nullish value, including literals like `0` and `""`.
- If that's what you want, disable this lint rule with an inline comment or configure the 'allowObjectTypes' rule option.
- If you want a type meaning "any object", you probably want `object` instead.
- If you want a type meaning "any value", you probably want `unknown` instead  @typescript-eslint/no-empty-object-type
  72:15   error  'T' is defined but never used                                                                                                                                                                                                                                                                                                                                                              @typescript-eslint/no-unused-vars
  72:25   error  The `Function` type accepts any function-like value.
Prefer explicitly defining any function parameters and return type                                                                                                                                                                                                                                                                    @typescript-eslint/no-unsafe-function-type
  72:67   error  Unexpected any. Specify a different type                                                                                                                                                                                                                                                                                                                                                   @typescript-eslint/no-explicit-any
  72:76   error  Unexpected any. Specify a different type                                                                                                                                                                                                                                                                                                                                                   @typescript-eslint/no-explicit-any
  72:102  error  Unexpected any. Specify a different type                                                                                                                                                                                                                                                                                                                                                   @typescript-eslint/no-explicit-any
  73:16   error  'T' is defined but never used                                                                                                                                                                                                                                                                                                                                                              @typescript-eslint/no-unused-vars
  73:26   error  The `Function` type accepts any function-like value.
Prefer explicitly defining any function parameters and return type                                                                                                                                                                                                                                                                    @typescript-eslint/no-unsafe-function-type
  73:59   error  Unexpected any. Specify a different type                                                                                                                                                                                                                                                                                                                                                   @typescript-eslint/no-explicit-any
  73:77   error  Unexpected any. Specify a different type                                                                                                                                                                                                                                                                                                                                                   @typescript-eslint/no-explicit-any
  73:103  error  Unexpected any. Specify a different type                                                                                                                                                                                                                                                                                                                                                   @typescript-eslint/no-explicit-any
  74:84   error  The `Function` type accepts any function-like value.
Prefer explicitly defining any function parameters and return type                                                                                                                                                                                                                                                                    @typescript-eslint/no-unsafe-function-type
  78:22   error  '_' is defined but never used                                                                                                                                                                                                                                                                                                                                                              @typescript-eslint/no-unused-vars
  78:46   error  Unexpected any. Specify a different type                                                                                                                                                                                                                                                                                                                                                   @typescript-eslint/no-explicit-any

/Users/vrescobar/projects/turrero/.next/types/app/turra/[id]/page.ts
   7:30   error  Prefer using the primitive `object` as a type name, rather than the upper-cased `Object`                                                                                                                                                                                                                                                                                                   @typescript-eslint/no-wrapper-object-types
   7:39   error  Unexpected any. Specify a different type                                                                                                                                                                                                                                                                                                                                                   @typescript-eslint/no-explicit-any
   7:71   error  Unexpected any. Specify a different type                                                                                                                                                                                                                                                                                                                                                   @typescript-eslint/no-explicit-any
  13:12   error  The `Function` type accepts any function-like value.
Prefer explicitly defining any function parameters and return type                                                                                                                                                                                                                                                                    @typescript-eslint/no-unsafe-function-type
  14:12   error  The `{}` ("empty object") type allows any non-nullish value, including literals like `0` and `""`.
- If that's what you want, disable this lint rule with an inline comment or configure the 'allowObjectTypes' rule option.
- If you want a type meaning "any object", you probably want `object` instead.
- If you want a type meaning "any value", you probably want `unknown` instead  @typescript-eslint/no-empty-object-type
  15:26   error  The `Function` type accepts any function-like value.
Prefer explicitly defining any function parameters and return type                                                                                                                                                                                                                                                                    @typescript-eslint/no-unsafe-function-type
  24:14   error  Unexpected any. Specify a different type                                                                                                                                                                                                                                                                                                                                                   @typescript-eslint/no-explicit-any
  25:22   error  The `Function` type accepts any function-like value.
Prefer explicitly defining any function parameters and return type                                                                                                                                                                                                                                                                    @typescript-eslint/no-unsafe-function-type
  26:14   error  Unexpected any. Specify a different type                                                                                                                                                                                                                                                                                                                                                   @typescript-eslint/no-explicit-any
  27:22   error  The `Function` type accepts any function-like value.
Prefer explicitly defining any function parameters and return type                                                                                                                                                                                                                                                                    @typescript-eslint/no-unsafe-function-type
  51:72   error  Unexpected any. Specify a different type                                                                                                                                                                                                                                                                                                                                                   @typescript-eslint/no-explicit-any
  51:88   error  Unexpected any. Specify a different type                                                                                                                                                                                                                                                                                                                                                   @typescript-eslint/no-explicit-any
  56:26   error  Unexpected any. Specify a different type                                                                                                                                                                                                                                                                                                                                                   @typescript-eslint/no-explicit-any
  66:51   error  Unexpected any. Specify a different type                                                                                                                                                                                                                                                                                                                                                   @typescript-eslint/no-explicit-any
  69:37   error  Unexpected any. Specify a different type                                                                                                                                                                                                                                                                                                                                                   @typescript-eslint/no-explicit-any
  69:42   error  '_M' is defined but never used                                                                                                                                                                                                                                                                                                                                                             @typescript-eslint/no-unused-vars
  70:84   error  The `{}` ("empty object") type allows any non-nullish value, including literals like `0` and `""`.
- If that's what you want, disable this lint rule with an inline comment or configure the 'allowObjectTypes' rule option.
- If you want a type meaning "any object", you probably want `object` instead.
- If you want a type meaning "any value", you probably want `unknown` instead  @typescript-eslint/no-empty-object-type
  72:15   error  'T' is defined but never used                                                                                                                                                                                                                                                                                                                                                              @typescript-eslint/no-unused-vars
  72:25   error  The `Function` type accepts any function-like value.
Prefer explicitly defining any function parameters and return type                                                                                                                                                                                                                                                                    @typescript-eslint/no-unsafe-function-type
  72:67   error  Unexpected any. Specify a different type                                                                                                                                                                                                                                                                                                                                                   @typescript-eslint/no-explicit-any
  72:76   error  Unexpected any. Specify a different type                                                                                                                                                                                                                                                                                                                                                   @typescript-eslint/no-explicit-any
  72:102  error  Unexpected any. Specify a different type                                                                                                                                                                                                                                                                                                                                                   @typescript-eslint/no-explicit-any
  73:16   error  'T' is defined but never used                                                                                                                                                                                                                                                                                                                                                              @typescript-eslint/no-unused-vars
  73:26   error  The `Function` type accepts any function-like value.
Prefer explicitly defining any function parameters and return type                                                                                                                                                                                                                                                                    @typescript-eslint/no-unsafe-function-type
  73:59   error  Unexpected any. Specify a different type                                                                                                                                                                                                                                                                                                                                                   @typescript-eslint/no-explicit-any
  73:77   error  Unexpected any. Specify a different type                                                                                                                                                                                                                                                                                                                                                   @typescript-eslint/no-explicit-any
  73:103  error  Unexpected any. Specify a different type                                                                                                                                                                                                                                                                                                                                                   @typescript-eslint/no-explicit-any
  74:84   error  The `Function` type accepts any function-like value.
Prefer explicitly defining any function parameters and return type                                                                                                                                                                                                                                                                    @typescript-eslint/no-unsafe-function-type
  78:22   error  '_' is defined but never used                                                                                                                                                                                                                                                                                                                                                              @typescript-eslint/no-unused-vars
  78:46   error  Unexpected any. Specify a different type                                                                                                                                                                                                                                                                                                                                                   @typescript-eslint/no-explicit-any

/Users/vrescobar/projects/turrero/.next/types/app/version-en-pdf/page.ts
   7:30   error  Prefer using the primitive `object` as a type name, rather than the upper-cased `Object`                                                                                                                                                                                                                                                                                                   @typescript-eslint/no-wrapper-object-types
   7:39   error  Unexpected any. Specify a different type                                                                                                                                                                                                                                                                                                                                                   @typescript-eslint/no-explicit-any
   7:71   error  Unexpected any. Specify a different type                                                                                                                                                                                                                                                                                                                                                   @typescript-eslint/no-explicit-any
  13:12   error  The `Function` type accepts any function-like value.
Prefer explicitly defining any function parameters and return type                                                                                                                                                                                                                                                                    @typescript-eslint/no-unsafe-function-type
  14:12   error  The `{}` ("empty object") type allows any non-nullish value, including literals like `0` and `""`.
- If that's what you want, disable this lint rule with an inline comment or configure the 'allowObjectTypes' rule option.
- If you want a type meaning "any object", you probably want `object` instead.
- If you want a type meaning "any value", you probably want `unknown` instead  @typescript-eslint/no-empty-object-type
  15:26   error  The `Function` type accepts any function-like value.
Prefer explicitly defining any function parameters and return type                                                                                                                                                                                                                                                                    @typescript-eslint/no-unsafe-function-type
  24:14   error  Unexpected any. Specify a different type                                                                                                                                                                                                                                                                                                                                                   @typescript-eslint/no-explicit-any
  25:22   error  The `Function` type accepts any function-like value.
Prefer explicitly defining any function parameters and return type                                                                                                                                                                                                                                                                    @typescript-eslint/no-unsafe-function-type
  26:14   error  Unexpected any. Specify a different type                                                                                                                                                                                                                                                                                                                                                   @typescript-eslint/no-explicit-any
  27:22   error  The `Function` type accepts any function-like value.
Prefer explicitly defining any function parameters and return type                                                                                                                                                                                                                                                                    @typescript-eslint/no-unsafe-function-type
  51:72   error  Unexpected any. Specify a different type                                                                                                                                                                                                                                                                                                                                                   @typescript-eslint/no-explicit-any
  51:88   error  Unexpected any. Specify a different type                                                                                                                                                                                                                                                                                                                                                   @typescript-eslint/no-explicit-any
  56:26   error  Unexpected any. Specify a different type                                                                                                                                                                                                                                                                                                                                                   @typescript-eslint/no-explicit-any
  66:51   error  Unexpected any. Specify a different type                                                                                                                                                                                                                                                                                                                                                   @typescript-eslint/no-explicit-any
  69:37   error  Unexpected any. Specify a different type                                                                                                                                                                                                                                                                                                                                                   @typescript-eslint/no-explicit-any
  69:42   error  '_M' is defined but never used                                                                                                                                                                                                                                                                                                                                                             @typescript-eslint/no-unused-vars
  70:84   error  The `{}` ("empty object") type allows any non-nullish value, including literals like `0` and `""`.
- If that's what you want, disable this lint rule with an inline comment or configure the 'allowObjectTypes' rule option.
- If you want a type meaning "any object", you probably want `object` instead.
- If you want a type meaning "any value", you probably want `unknown` instead  @typescript-eslint/no-empty-object-type
  72:15   error  'T' is defined but never used                                                                                                                                                                                                                                                                                                                                                              @typescript-eslint/no-unused-vars
  72:25   error  The `Function` type accepts any function-like value.
Prefer explicitly defining any function parameters and return type                                                                                                                                                                                                                                                                    @typescript-eslint/no-unsafe-function-type
  72:67   error  Unexpected any. Specify a different type                                                                                                                                                                                                                                                                                                                                                   @typescript-eslint/no-explicit-any
  72:76   error  Unexpected any. Specify a different type                                                                                                                                                                                                                                                                                                                                                   @typescript-eslint/no-explicit-any
  72:102  error  Unexpected any. Specify a different type                                                                                                                                                                                                                                                                                                                                                   @typescript-eslint/no-explicit-any
  73:16   error  'T' is defined but never used                                                                                                                                                                                                                                                                                                                                                              @typescript-eslint/no-unused-vars
  73:26   error  The `Function` type accepts any function-like value.
Prefer explicitly defining any function parameters and return type                                                                                                                                                                                                                                                                    @typescript-eslint/no-unsafe-function-type
  73:59   error  Unexpected any. Specify a different type                                                                                                                                                                                                                                                                                                                                                   @typescript-eslint/no-explicit-any
  73:77   error  Unexpected any. Specify a different type                                                                                                                                                                                                                                                                                                                                                   @typescript-eslint/no-explicit-any
  73:103  error  Unexpected any. Specify a different type                                                                                                                                                                                                                                                                                                                                                   @typescript-eslint/no-explicit-any
  74:84   error  The `Function` type accepts any function-like value.
Prefer explicitly defining any function parameters and return type                                                                                                                                                                                                                                                                    @typescript-eslint/no-unsafe-function-type
  78:22   error  '_' is defined but never used                                                                                                                                                                                                                                                                                                                                                              @typescript-eslint/no-unused-vars
  78:46   error  Unexpected any. Specify a different type                                                                                                                                                                                                                                                                                                                                                   @typescript-eslint/no-explicit-any

/Users/vrescobar/projects/turrero/infrastructure/logger.ts
   69:62  error  'args' is defined but never used                                                                                     @typescript-eslint/no-unused-vars
   69:68  error  Unexpected any. Specify a different type                                                                             @typescript-eslint/no-explicit-any
   77:35  error  Unexpected any. Specify a different type                                                                             @typescript-eslint/no-explicit-any
   83:34  error  Unexpected any. Specify a different type                                                                             @typescript-eslint/no-explicit-any
   89:34  error  Unexpected any. Specify a different type                                                                             @typescript-eslint/no-explicit-any
   95:35  error  Unexpected any. Specify a different type                                                                             @typescript-eslint/no-explicit-any
  102:36  error  Unexpected any. Specify a different type                                                                             @typescript-eslint/no-explicit-any
  119:3   error  Use "@ts-expect-error" instead of "@ts-ignore", as "@ts-ignore" will do nothing if the following line is error-free  @typescript-eslint/ban-ts-comment
  121:24  error  Use "@ts-expect-error" instead of "@ts-ignore", as "@ts-ignore" will do nothing if the following line is error-free  @typescript-eslint/ban-ts-comment
  123:3   error  Use "@ts-expect-error" instead of "@ts-ignore", as "@ts-ignore" will do nothing if the following line is error-free  @typescript-eslint/ban-ts-comment
  125:25  error  Use "@ts-expect-error" instead of "@ts-ignore", as "@ts-ignore" will do nothing if the following line is error-free  @typescript-eslint/ban-ts-comment
  132:16  error  Unexpected any. Specify a different type                                                                             @typescript-eslint/no-explicit-any
  133:16  error  Unexpected any. Specify a different type                                                                             @typescript-eslint/no-explicit-any

/Users/vrescobar/projects/turrero/scripts/book-enrichment.ts
  43:43  error  Unexpected any. Specify a different type  @typescript-eslint/no-explicit-any

/Users/vrescobar/projects/turrero/scripts/check-corrupted.ts
  16:12  error  Unexpected any. Specify a different type               @typescript-eslint/no-explicit-any
  21:9   error  'missingIds' is never reassigned. Use 'const' instead  prefer-const

/Users/vrescobar/projects/turrero/scripts/generate-pdf.ts
  1:8  error  'fs' is defined but never used  @typescript-eslint/no-unused-vars

/Users/vrescobar/projects/turrero/scripts/libs/common-utils.ts
   63:40  error  Unexpected any. Specify a different type  @typescript-eslint/no-explicit-any
   75:41  error  Unexpected any. Specify a different type  @typescript-eslint/no-explicit-any
  189:59  error  Unexpected any. Specify a different type  @typescript-eslint/no-explicit-any
  200:11  error  Unexpected any. Specify a different type  @typescript-eslint/no-explicit-any

/Users/vrescobar/projects/turrero/scripts/libs/data-access.ts
   14:3   error  'EnrichedBook' is defined but never used  @typescript-eslint/no-unused-vars
   71:32  error  Unexpected any. Specify a different type  @typescript-eslint/no-explicit-any
   72:25  error  Unexpected any. Specify a different type  @typescript-eslint/no-explicit-any
   75:26  error  Unexpected any. Specify a different type  @typescript-eslint/no-explicit-any
   79:37  error  Unexpected any. Specify a different type  @typescript-eslint/no-explicit-any
   80:25  error  Unexpected any. Specify a different type  @typescript-eslint/no-explicit-any
   83:36  error  Unexpected any. Specify a different type  @typescript-eslint/no-explicit-any
  126:42  error  Unexpected any. Specify a different type  @typescript-eslint/no-explicit-any
  130:38  error  Unexpected any. Specify a different type  @typescript-eslint/no-explicit-any
  180:20  error  Unexpected any. Specify a different type  @typescript-eslint/no-explicit-any

/Users/vrescobar/projects/turrero/scripts/libs/enrichment-utils.ts
   54:60  error  Unexpected any. Specify a different type  @typescript-eslint/no-explicit-any
   88:65  error  Unexpected any. Specify a different type  @typescript-eslint/no-explicit-any
  162:77  error  Unexpected any. Specify a different type  @typescript-eslint/no-explicit-any
  210:21  error  Unexpected any. Specify a different type  @typescript-eslint/no-explicit-any
  212:25  error  Unexpected any. Specify a different type  @typescript-eslint/no-explicit-any
  222:16  error  Unexpected any. Specify a different type  @typescript-eslint/no-explicit-any
  245:16  error  Unexpected any. Specify a different type  @typescript-eslint/no-explicit-any
  272:16  error  Unexpected any. Specify a different type  @typescript-eslint/no-explicit-any
  298:42  error  Unexpected any. Specify a different type  @typescript-eslint/no-explicit-any
  298:60  error  Unexpected any. Specify a different type  @typescript-eslint/no-explicit-any
  302:55  error  Unexpected any. Specify a different type  @typescript-eslint/no-explicit-any

/Users/vrescobar/projects/turrero/scripts/libs/mediaDownloader.ts
  17:27  error  '_' is defined but never used  @typescript-eslint/no-unused-vars

/Users/vrescobar/projects/turrero/scripts/recorder.ts
  500:26  error  Unexpected any. Specify a different type  @typescript-eslint/no-explicit-any

/Users/vrescobar/projects/turrero/scripts/scraping.ts
  50:14  error  '_' is defined but never used  @typescript-eslint/no-unused-vars

/Users/vrescobar/projects/turrero/scripts/tweets_enrichment.ts
  55:11  error  Unexpected any. Specify a different type  @typescript-eslint/no-explicit-any
  67:11  error  Unexpected any. Specify a different type  @typescript-eslint/no-explicit-any
  89:58  error  Unexpected any. Specify a different type  @typescript-eslint/no-explicit-any

/Users/vrescobar/projects/turrero/tailwind.config.ts
  33:5  error  A `require()` style import is forbidden  @typescript-eslint/no-require-imports
  34:5  error  A `require()` style import is forbidden  @typescript-eslint/no-require-imports

✖ 382 problems (382 errors, 0 warnings)
  12 errors and 0 warnings potentially fixable with the `--fix` option.

[0;31m❌ TypeScript linting failed![0m
[1;33m🦕 Running Deno linting on scripts...[0m
[0;31m❌ Deno linting failed![0m
[1;33m🔍 Checking for remaining 'any' types...[0m
[0;31m❌ Found remaining 'any' types:[0m
scripts/book-enrichment.ts:async function enrichBookCategories(page: any, book: BookToEnrich): Promise<void> {
scripts/check-corrupted.ts:    tweet: any;
scripts/recorder.ts:    const launchOptions: any = {
scripts/tweets_enrichment.ts:    page: any
scripts/tweets_enrichment.ts:    page: any
scripts/tweets_enrichment.ts:async function processEmbeddedTweet(tweet: Tweet, embed: any): Promise<void> {
[1;33m📋 Checking enum usage consistency...[0m
[1;33m⚠️  Found potential magic strings that should use enums:[0m
scripts/validate-types.ts:    '"development"', '"production"', '"test"',
scripts/validate-types.ts:    '"card"', '"embed"', '"media"',
[1;33mConsider using the appropriate enums from infrastructure/types/index.ts[0m
[0;31m💥 TypeScript validation failed! Push rejected.[0m
[1;33mPlease fix the above issues before pushing.[0m
